// Jest Snapshot v1, https://goo.gl/fbAQLP

exports[`Table4 should match snapshot 1`] = `
<div>
  <table
    class="table table-striped table-bordered table-hover"
  >
    <thead>
      <tr>
        <th>
          Task
        </th>
        <th>
          OK
        </th>
        <th>
          Location
        </th>
      </tr>
    </thead>
    <tbody>
      <tr>
        <td>
          Engine Leaks
        </td>
        <td>
          <input
            type="checkbox"
          />
        </td>
        <td />
      </tr>
      <tr>
        <td>
          Air Leaks
        </td>
        <td>
          <input
            type="checkbox"
          />
        </td>
        <td />
      </tr>
      <tr>
        <td>
          Transmission Leaks
        </td>
        <td>
          <input
            type="checkbox"
          />
        </td>
        <td />
      </tr>
      <tr>
        <td>
          Hydraulic Leaks
        </td>
        <td>
          <input
            type="checkbox"
          />
        </td>
        <td />
      </tr>
      <tr>
        <td>
          Axle Leaks
        </td>
        <td>
          <input
            type="checkbox"
          />
        </td>
        <td />
      </tr>
    </tbody>
  </table>
</div>
`;
