// Jest Snapshot v1, https://goo.gl/fbAQLP

exports[`Table2 should match snapshot 1`] = `
<div>
  <table
    class="table table-striped table-bordered table-hover"
  >
    <thead>
      <tr>
        <th>
          Task
        </th>
        <th>
          Completed
        </th>
        <th>
          Not Performed
        </th>
        <th>
          Part #
        </th>
      </tr>
    </thead>
    <tbody>
      <tr>
        <td>
          Oil Change
        </td>
        <td>
          <input
            data-testid="table-2-completed"
            type="checkbox"
          />
        </td>
        <td>
          <input
            checked=""
            data-testid="table-2-not-performed"
            type="checkbox"
          />
        </td>
        <td
          class="fixed-width"
        >
          A320HGOEJ4
        </td>
      </tr>
      <tr>
        <td>
          Fuel Filters
        </td>
        <td>
          <input
            checked=""
            data-testid="table-2-completed"
            type="checkbox"
          />
        </td>
        <td>
          <input
            data-testid="table-2-not-performed"
            type="checkbox"
          />
        </td>
        <td
          class="fixed-width"
        >
          6OF8WBFY6K
        </td>
      </tr>
      <tr>
        <td>
          Grease
        </td>
        <td>
          <input
            data-testid="table-2-completed"
            type="checkbox"
          />
        </td>
        <td>
          <input
            checked=""
            data-testid="table-2-not-performed"
            type="checkbox"
          />
        </td>
        <td
          class="fixed-width"
        >
          M7R0S8PTRR
        </td>
      </tr>
      <tr>
        <td>
          Air Filter
        </td>
        <td>
          <input
            checked=""
            data-testid="table-2-completed"
            type="checkbox"
          />
        </td>
        <td>
          <input
            data-testid="table-2-not-performed"
            type="checkbox"
          />
        </td>
        <td
          class="fixed-width"
        >
          HRXILKADTP
        </td>
      </tr>
      <tr>
        <td>
          Trans Service / Filter
        </td>
        <td>
          <input
            data-testid="table-2-completed"
            type="checkbox"
          />
        </td>
        <td>
          <input
            checked=""
            data-testid="table-2-not-performed"
            type="checkbox"
          />
        </td>
        <td
          class="fixed-width"
        >
          GA9UPACDT9
        </td>
      </tr>
      <tr>
        <td>
          Axle Service
        </td>
        <td>
          <input
            data-testid="table-2-completed"
            type="checkbox"
          />
        </td>
        <td>
          <input
            checked=""
            data-testid="table-2-not-performed"
            type="checkbox"
          />
        </td>
        <td
          class="fixed-width"
        >
          NUAI6HW36C
        </td>
      </tr>
      <tr>
        <td>
          Hydraulic Service / Filter
        </td>
        <td>
          <input
            checked=""
            data-testid="table-2-completed"
            type="checkbox"
          />
        </td>
        <td>
          <input
            data-testid="table-2-not-performed"
            type="checkbox"
          />
        </td>
        <td
          class="fixed-width"
        >
          NO319JFOHF
        </td>
      </tr>
      <tr>
        <td>
          Drain Air Tanks
        </td>
        <td>
          <input
            data-testid="table-2-completed"
            type="checkbox"
          />
        </td>
        <td>
          <input
            checked=""
            data-testid="table-2-not-performed"
            type="checkbox"
          />
        </td>
        <td
          class="fixed-width"
        >
          W221SNJFVX
        </td>
      </tr>
      <tr>
        <td>
          Apply PM Sticker
        </td>
        <td>
          <input
            checked=""
            data-testid="table-2-completed"
            type="checkbox"
          />
        </td>
        <td>
          <input
            data-testid="table-2-not-performed"
            type="checkbox"
          />
        </td>
        <td
          class="fixed-width"
        >
          67V86C503B
        </td>
      </tr>
    </tbody>
  </table>
</div>
`;
